exports[`test Planning renders correctly 1`] = `
<div
  className="PlanningTron jumbotron">
  <div
    className="row">
    <div
      className="col-md-8 col-md-offset-2">
      <h2
        onClick={[Function]}>
        Mission Statement
      </h2>
    </div>
  </div>
  <div
    className="row">
    <div
      className="col-md-8 col-md-offset-2">
      <h4>
        Click \"Mission Statement\" to create a new plan
      </h4>
    </div>
  </div>
</div>
`;
